MAP
  DEFRESOLUTION 96
  EXTENT 14905.8845731493 -63067.3015519309 927100.051248853 476647.58039786
  #FONTSET "D:\\w32\\MapManager\\templates\\font.list"
  FONTSET "font.list"
  IMAGETYPE "png24"
  NAME "MS"
  RESOLUTION 96
  SHAPEPATH ""
  SIZE 361 214
  STATUS ON
  #SYMBOLSET "D:\\w32\\MapManager\\templates\\symbols.sym"
  SYMBOLSET "symbols.sym"
  UNITS METERS

  OUTPUTFORMAT
    NAME "png24"
    MIMETYPE "image/png"
    DRIVER "AGG/PNG"
    EXTENSION "png"
    IMAGEMODE RGB
    TRANSPARENT FALSE
  END # OUTPUTFORMAT

  OUTPUTFORMAT
    NAME "print"
    MIMETYPE "image/png"
    DRIVER "AGG/PNG"
    EXTENSION "png"
    IMAGEMODE RGB
    TRANSPARENT FALSE
  END # OUTPUTFORMAT

  # sengaja digunakan UTM Zona 47 utara, agar perhitungan jarak dalam meter
  PROJECTION
    "proj=utm"
    "zone=47"
    "datum=WGS84"
    "units=m"
    "no_defs"
  END # PROJECTION
  LEGEND
    KEYSIZE 20 10
    KEYSPACING 5 5
    LABEL
      SIZE MEDIUM
      OFFSET 0 0
      SHADOWSIZE 1 1
      TYPE BITMAP
    END # LABEL
    STATUS OFF
  END # LEGEND

  QUERYMAP
    SIZE -1 -1
    STATUS OFF
    STYLE HILITE
  END # QUERYMAP

  SCALEBAR
    INTERVALS 4
    LABEL
      SIZE MEDIUM
      OFFSET 0 0
      SHADOWSIZE 1 1
      TYPE BITMAP
    END # LABEL
    SIZE 200 3
    STATUS OFF
    UNITS MILES
  END # SCALEBAR

  WEB
    METADATA
      "distance_units"	"MS_METERS"
      "mapmanager_version"	"1.0.0.0"
      "coordsys_name"	"WGS 84 / UTM zone 47N"
    END # METADATA
  END # WEB

  LAYER
    CONNECTION "D:\\ms4w\\apps\\sumut\\data\\admin00.shp"
    CONNECTIONTYPE OGR
    METADATA
      "coordsys_name"	"Longitude-Latitude / WGS 84"
    END # METADATA
    NAME "admin00"
    PROJECTION
      "proj=longlat"
      "datum=WGS84"
      "no_defs"
    END # PROJECTION
    STATUS ON
    TEMPLATE "query.html"
    TILEITEM "location"
    TYPE POLYGON
    UNITS METERS
    CLASS
      NAME "Class (0)"
      STYLE
        COLOR 255 209 187
        OUTLINECOLOR 0 0 0
        SIZE 8
      END # STYLE
      TEMPLATE "query.html"
    END # CLASS
  END # LAYER

  LAYER
    CONNECTION "D:\\ms4w\\apps\\sumut\\data\\sumut_32647.shp"
    CONNECTIONTYPE OGR
    METADATA
      "coordsys_name"	"WGS 84 / UTM zone 47N"
    END # METADATA
    NAME "sumut_32647"
    PROJECTION
      "proj=utm"
      "zone=47"
      "datum=WGS84"
      "units=m"
      "no_defs"
    END # PROJECTION
    STATUS ON
    TEMPLATE "query.html"
    TILEITEM "location"
    TYPE POLYGON
    UNITS METERS
    CLASS
      NAME "Class (0)"
      STYLE
        COLOR 128 255 128
        OUTLINECOLOR 0 0 0
        SIZE 8
      END # STYLE
      TEMPLATE "query.html"
    END # CLASS
  END # LAYER

END # MAP
